// Jest Snapshot v1, https://goo.gl/fbAQLP

exports[`CourseImage tests renders the course imagecomponent correctly 1`] = `
<div>
  <img
    alt="Java Programming Masterclass for Software Developers"
    class="courseImage"
    src="https://img-a.udemycdn.com/course/240x135/533682_c10c_4.jpg?nZ46z0qISmfa8qZFWvm7OpzmPyGFyNfEOoSySIzYsx6snPkgqmsyFUGUkjWkr84nTmwc5wuy5d2Bsla_fyNXS0Ct9txcLvpUI9erTWZ0CNQULjdN6KrFhZhg72uK"
  />
</div>
`;
